Microchip MPLAB XC8 Compiler V2.50

Linker command line:

-W-3 \
  --edf=C:\Program Files\Microchip\xc8\v2.50\pic\dat\20240725155939_en.msgs \
  -cn -h+dist/default/production\60secCount.X.production.sym \
  --cmf=dist/default/production\60secCount.X.production.cmf -z -Q16F877A \
  -oC:\Users\sanja\AppData\Local\Temp\xcAs7bg.\driver_tmp_3.o \
  --defsym=__MPLAB_BUILD=1 --fixupoverflow=error \
  -Mdist/default/production/60secCount.X.production.map \
  --md=C:\Users\sanja\AppData\Local\Temp\xcAs7bg.\driver_tmp_0.dat -E1 \
  -ver=XC8 Compiler --acfsm=1493 -ACODE=00h-07FFhx4 -ASTRCODE=00h-01FFFh \
  -ASTRING=00h-0FFhx32 -ACONST=00h-0FFhx32 -AENTRY=00h-0FFhx32 \
  -ACOMMON=070h-07Fh -ABANK0=020h-06Fh -ABANK1=0A0h-0EFh \
  -ABANK2=0110h-016Fh -ABANK3=0190h-01EFh \
  -ARAM=020h-06Fh,0A0h-0EFh,0110h-016Fh,0190h-01EFh \
  -AABS1=020h-07Fh,0A0h-0EFh,0110h-016Fh,0190h-01EFh -ASFR0=00h-01Fh \
  -ASFR1=080h-09Fh -ASFR2=0100h-010Fh -ASFR3=0180h-018Fh \
  -ACONFIG=02007h-02007h -DCONFIG=2 -AIDLOC=02000h-02003h -DIDLOC=2 \
  -AEEDATA=00h-0FFh/02100h -peeprom_data=EEDATA -DEEDATA=2 -DCODE=2 \
  -DSTRCODE=2 -DSTRING=2 -DCONST=2 -DENTRY=2 \
  -preset_vec=00h,intentry=04h,sivt,init,end_init -ppowerup=CODE \
  -pcinit=CODE -pfunctab=ENTRY -k \
  C:\Users\sanja\AppData\Local\Temp\xcAs7bg.\driver_tmp_12.o \
  dist/default/production\60secCount.X.production.o 

Object code version is 3.11

Machine type is 16F877A



                Name                               Link     Load   Length Selector   Space Scale
C:\Users\sanja\AppData\Local\Temp\xcAs7bg.\driver_tmp_12.o
                end_init                             12       12        3        8       0
                reset_vec                             0        0        3        0       0
                config                             2007     2007        1        0       4
dist/default/production\60secCount.X.production.o
                cinit                                15       15        F        8       0
                intentry                              4        4        E        8       0
                config                             2007     2007        1        0       4
                text13                              156      156       63        8       0
                text12                              212      212       57        8       0
                text11                              344      344        A      56C       0
                text10                              307      307       1C      56C       0
                text9                                F3       F3       63        8       0
                text8                               2B6      2B6       31      56C       0
                text7                                8E       8E       65        8       0
                text6                               1B9      1B9       59        8       0
                text5                               34E      34E        8      56C       0
                text4                               323      323        D      56C       0
                text3                               33A      33A        A      56C       0
                text2                               330      330        A      56C       0
                text1                               2E7      2E7       20      56C       0
                maintext                             24       24       6A        8       0
                cstackBANK0                          20       20        E       20       1
                cstackCOMMON                         70       70        C       70       1
                bssBANK0                             2E       2E        4       20       1
                dataCOMMON                           7D       7D        1       70       1
                bssCOMMON                            7C       7C        1       70       1
                strings                             269      269       4D      4D2       0
                idataCOMMON                         356      356        1      56C       0

TOTAL           Name                               Link     Load   Length     Space
        CLASS   CODE           
                end_init                             12       12        3         0
                cinit                                15       15        F         0
                intentry                              4        4        E         0
                reset_vec                             0        0        3         0
                text13                              156      156       63         0
                text12                              212      212       57         0
                text11                              344      344        A         0
                text10                              307      307       1C         0
                text9                                F3       F3       63         0
                text8                               2B6      2B6       31         0
                text7                                8E       8E       65         0
                text6                               1B9      1B9       59         0
                text5                               34E      34E        8         0
                text4                               323      323        D         0
                text3                               33A      33A        A         0
                text2                               330      330        A         0
                text1                               2E7      2E7       20         0
                maintext                             24       24       6A         0
                idataCOMMON                         356      356        1         0

        CLASS   STRCODE        

        CLASS   STRING         
                strings                             269      269       4D         0

        CLASS   CONST          

        CLASS   ENTRY          

        CLASS   COMMON         
                cstackCOMMON                         70       70        C         1
                dataCOMMON                           7D       7D        1         1
                bssCOMMON                            7C       7C        1         1

        CLASS   BANK0          
                cstackBANK0                          20       20        E         1
                bssBANK0                             2E       2E        4         1

        CLASS   BANK1          

        CLASS   BANK2          

        CLASS   BANK3          

        CLASS   RAM            

        CLASS   ABS1           
                abs_s1                               7E       7E        2         1

        CLASS   SFR0           

        CLASS   SFR1           

        CLASS   SFR2           

        CLASS   SFR3           

        CLASS   CONFIG         
                config                             2007     2007        1         4

        CLASS   IDLOC          

        CLASS   EEDATA         

        CLASS   HEAP           

        CLASS   STACK          



SEGMENTS        Name                           Load    Length   Top    Selector   Space  Class     Delta

                reset_vec                      000000  000003  000003         0       0  CODE        2
                intentry                       000004  000265  000269         8       0  CODE        2
                cstackBANK0                    000020  000012  000032        20       1  BANK0       1
                cstackCOMMON                   000070  00000E  00007E        70       1  COMMON      1
                strings                        000269  00004D  0002B6       4D2       0  STRING      2
                text8                          0002B6  0000A1  000357       56C       0  CODE        2


UNUSED ADDRESS RANGES

        Name                Unused          Largest block    Delta
        BANK0            0032-006F             3E           1
        BANK1            00A0-00EF             50           1
        BANK2            0110-016F             60           1
        BANK3            0190-01EF             60           1
        CODE             0003-0003              1           2
                         0357-1FFF            800
        CONST            0003-0003              1           2
                         0357-1FFF            100
        EEDATA           2100-21FF            100           2
        ENTRY            0003-0003              1           2
                         0357-1FFF            100
        IDLOC            2000-2003              4           2
        RAM              0032-006F             3E           1
                         00A0-00EF             50
                         0110-016F             60
                         0190-01EF             60
        SFR0             0000-001F             20           1
        SFR1             0080-009F             20           1
        SFR2             0100-010F             10           1
        SFR3             0180-018F             10           1
        STRCODE          0003-0003              1           2
                         0357-1FFF           1CA9
        STRING           0003-0003              1           2
                         0357-1FFF            100

                                  Symbol Table

?___awdiv                    cstackBANK0  0024
?___awmod                    cstackBANK0  0024
?i1___awdiv                  cstackCOMMON 0070
?i1___awmod                  cstackCOMMON 0070
_INTCONbits                  (abs)        000B
_ISR                         text8        02B6
_OPTION_REGbits              (abs)        0081
_PIE1bits                    (abs)        008C
_RB0                         (abs)        0030
_RCSTA                       (abs)        0018
_SPBRG                       (abs)        0099
_T1CON                       (abs)        0010
_TMR1IF                      (abs)        0060
_TRISBbits                   (abs)        0086
_TRISCbits                   (abs)        0087
_TXIF                        (abs)        0064
_TXREG                       (abs)        0019
_TXSTA                       (abs)        0098
__H__absolute__              __absolute__ 0000
__Habs1                      abs1         0000
__Hbank0                     bank0        0000
__Hbank1                     bank1        0000
__Hbank2                     bank2        0000
__Hbank3                     bank3        0000
__HbssBANK0                  bssBANK0     0000
__HbssCOMMON                 bssCOMMON    0000
__Hcinit                     cinit        0024
__Hclrtext                   clrtext      0000
__Hcode                      code         0000
__Hcommon                    common       0000
__Hconfig                    config       2008
__HcstackBANK0               cstackBANK0  0000
__HcstackCOMMON              cstackCOMMON 0000
__HdataCOMMON                dataCOMMON   0000
__Heeprom_data               eeprom_data  0000
__Hend_init                  end_init     0015
__Hfunctab                   functab      0000
__Hheap                      heap         0000
__HidataCOMMON               idataCOMMON  0000
__Hinit                      init         0012
__Hintentry                  intentry     0012
__Hmaintext                  maintext     0000
__Hpowerup                   powerup      0000
__Hram                       ram          0000
__Hreset_vec                 reset_vec    0003
__Hsfr0                      sfr0         0000
__Hsfr1                      sfr1         0000
__Hsfr2                      sfr2         0000
__Hsfr3                      sfr3         0000
__Hsivt                      sivt         0012
__Hspace_0                   (abs)        0357
__Hspace_1                   (abs)        007E
__Hspace_2                   (abs)        0000
__Hspace_3                   (abs)        0000
__Hspace_4                   (abs)        400F
__Hstack                     stack        0000
__Hstrings                   strings      0000
__Htext                      text         0000
__L__absolute__              __absolute__ 0000
__Labs1                      abs1         0000
__Lbank0                     bank0        0000
__Lbank1                     bank1        0000
__Lbank2                     bank2        0000
__Lbank3                     bank3        0000
__LbssBANK0                  bssBANK0     0000
__LbssCOMMON                 bssCOMMON    0000
__Lcinit                     cinit        0015
__Lclrtext                   clrtext      0000
__Lcode                      code         0000
__Lcommon                    common       0000
__Lconfig                    config       0000
__LcstackBANK0               cstackBANK0  0000
__LcstackCOMMON              cstackCOMMON 0000
__LdataCOMMON                dataCOMMON   0000
__Leeprom_data               eeprom_data  0000
__Lend_init                  end_init     0012
__Lfunctab                   functab      0000
__Lheap                      heap         0000
__LidataCOMMON               idataCOMMON  0000
__Linit                      init         0012
__Lintentry                  intentry     0004
__Lmaintext                  maintext     0000
__Lpowerup                   powerup      0000
__Lram                       ram          0000
__Lreset_vec                 reset_vec    0000
__Lsfr0                      sfr0         0000
__Lsfr1                      sfr1         0000
__Lsfr2                      sfr2         0000
__Lsfr3                      sfr3         0000
__Lsivt                      sivt         0012
__Lspace_0                   (abs)        0000
__Lspace_1                   (abs)        0000
__Lspace_2                   (abs)        0000
__Lspace_3                   (abs)        0000
__Lspace_4                   (abs)        0000
__Lstack                     stack        0000
__Lstrings                   strings      0000
__Ltext                      text         0000
__S0                         (abs)        0357
__S1                         (abs)        007E
__S3                         (abs)        0000
___awdiv                     text7        008E
___awdiv@counter             cstackBANK0  0028
___awdiv@dividend            cstackBANK0  0026
___awdiv@divisor             cstackBANK0  0024
___awdiv@quotient            cstackBANK0  002A
___awdiv@sign                cstackBANK0  0029
___awmod                     text6        01B9
___awmod@counter             cstackBANK0  0028
___awmod@dividend            cstackBANK0  0026
___awmod@divisor             cstackBANK0  0024
___awmod@sign                cstackBANK0  0029
___heap_hi                   (abs)        0000
___heap_lo                   (abs)        0000
___int_sp                    stack        0000
___int_stack_hi              stack        0000
___int_stack_lo              stack        0000
___latbits                   (abs)        0002
___sp                        stack        0000
___stack_hi                  stack        0000
___stack_lo                  stack        0000
___stackhi                   (abs)        0000
___stacklo                   (abs)        0000
__end_of_ISR                 text8        02E7
__end_of___awdiv             text7        00F3
__end_of___awmod             text6        0212
__end_of__initialization     cinit        0020
__end_of__stringtab          strings      026F
__end_of_buttonISR           text9        0156
__end_of_interrupt_init      text5        0356
__end_of_main                maintext     008E
__end_of_ser_int             text4        0330
__end_of_timer1Init          text3        0344
__end_of_tx                  text2        033A
__end_of_txstr               text1        0307
__end_ofi1___awdiv           text13       01B9
__end_ofi1___awmod           text12       0269
__end_ofi1_tx                text11       034E
__end_ofi1_txstr             text10       0323
__initialization             cinit        0015
__pbssBANK0                  bssBANK0     002E
__pbssCOMMON                 bssCOMMON    007C
__pcstackBANK0               cstackBANK0  0020
__pcstackCOMMON              cstackCOMMON 0070
__pdataCOMMON                dataCOMMON   007D
__pidataCOMMON               idataCOMMON  0356
__pintentry                  intentry     0004
__pmaintext                  maintext     0024
__pstrings                   strings      0269
__ptext1                     text1        02E7
__ptext10                    text10       0307
__ptext11                    text11       0344
__ptext12                    text12       0212
__ptext13                    text13       0156
__ptext2                     text2        0330
__ptext3                     text3        033A
__ptext4                     text4        0323
__ptext5                     text5        034E
__ptext6                     text6        01B9
__ptext7                     text7        008E
__ptext8                     text8        02B6
__ptext9                     text9        00F3
__stringbase                 strings      026E
__stringtab                  strings      0269
_buttonISR                   text9        00F3
_buttonPresses               bssCOMMON    007C
_interrupt_init              text5        034E
_main                        maintext     0024
_overflowCount               bssBANK0     0030
_prevButtonState             dataCOMMON   007D
_seconds                     bssBANK0     002E
_ser_int                     text4        0323
_timer1Init                  text3        033A
_tx                          text2        0330
_txstr                       text1        02E7
btemp                        (abs)        007E
buttonISR@currentButtonState cstackCOMMON 007B
end_of_initialization        cinit        0020
i1___awdiv                   text13       0156
i1___awdiv@counter           cstackCOMMON 0074
i1___awdiv@dividend          cstackCOMMON 0072
i1___awdiv@divisor           cstackCOMMON 0070
i1___awdiv@quotient          cstackCOMMON 0076
i1___awdiv@sign              cstackCOMMON 0075
i1___awmod                   text12       0212
i1___awmod@counter           cstackCOMMON 0074
i1___awmod@dividend          cstackCOMMON 0072
i1___awmod@divisor           cstackCOMMON 0070
i1___awmod@sign              cstackCOMMON 0075
i1_tx                        text11       0344
i1_txstr                     text10       0307
i1tx@a                       cstackCOMMON 0070
i1txstr@a                    cstackCOMMON 0071
interrupt_function           intentry     0004
intlevel0                    functab      0000
intlevel1                    functab      0000
intlevel2                    functab      0000
intlevel3                    functab      0000
intlevel4                    functab      0000
intlevel5                    functab      0000
reset_vec                    reset_vec    0000
saved_w                      (abs)        007E
start                        init         0012
start_initialization         cinit        0015
tx@a                         cstackBANK0  0024
txstr@a                      cstackBANK0  0025
wtemp0                       (abs)        007E


MODULE INFORMATION

Module		Function		Class		Link	Load	Size
C:\Program Files\Microchip\xc8\v2.50\pic\sources\c99\common\awmod.c
		___awmod       		CODE           	01B9	0000	89

C:\Program Files\Microchip\xc8\v2.50\pic\sources\c99\common\awmod.c estimated size: 89

shared
		i1_txstr       		CODE           	0307	0000	28
		__stringtab    		STRING         	0269	0000	6
		i1___awdiv     		CODE           	0156	0000	99
		__initialization		CODE           	0015	0000	11
		i1___awmod     		CODE           	0212	0000	87
		i1_tx          		CODE           	0344	0000	10

shared estimated size: 241

C:\Program Files\Microchip\xc8\v2.50\pic\sources\c99\common\awdiv.c
		___awdiv       		CODE           	008E	0000	101

C:\Program Files\Microchip\xc8\v2.50\pic\sources\c99\common\awdiv.c estimated size: 101

main.c
		_ISR           		CODE           	02B6	0000	49
		_ser_int       		CODE           	0323	0000	13
		_main          		CODE           	0024	0000	106
		_txstr         		CODE           	02E7	0000	32
		_timer1Init    		CODE           	033A	0000	10
		_buttonISR     		CODE           	00F3	0000	99
		_interrupt_init		CODE           	034E	0000	8
		_tx            		CODE           	0330	0000	10

main.c estimated size: 327

